Could Not Find C:\Temp\mifshare\ba6a9bad-b13e-4d20-b3c4-d10b9a02519c\models\PARALLEL.pnm
